=== STDOUT ===
============================================================
V5 REAL EVIDENCE SCORE WORKER
============================================================
TOTAL PRODUCTS: 21
#01 | SCORE 100 | EVIDENCE 8/9 | Nuts Combo Pack of 4 – Thai China Badam 100g, Thai China Badam (Roasted) 100g, China Badam 100g, China Badam (Roasted) 100g | Daraz.com.bd
#02 | SCORE 100 | EVIDENCE 9/9 | Go Fresh Rajnigandha Air Freshener 300 ml | Daraz.com.bd
#03 | SCORE 100 | EVIDENCE 9/9 | Savory Spice Combo (Meat Masala+Chicken Masala+Biriyani Masala) | Daraz.com.bd
#04 | SCORE 100 | EVIDENCE 9/9 | Foodcare Oats-500g | Daraz.com.bd
#05 | SCORE 100 | EVIDENCE 9/9 | Musical Telephone Toy Mobile Toy for Kids | Daraz.com.bd
#06 | SCORE 100 | EVIDENCE 9/9 | (শুধুমাত্র কভার) Airpods Pro / pro 2 silicone Case with for apple logo | Daraz.com.bd
#07 | SCORE 100 | EVIDENCE 9/9 | Godrej Aer Matic Cool Surf Blue Automatic Spray Refill 2200 Sprays | Daraz.com.bd
#08 | SCORE 100 | EVIDENCE 9/9 | Artificial Hanging Vines Plant - 7 feet - artificial flower leaf | Daraz.com.bd
#09 | SCORE 99 | EVIDENCE 9/9 | Adjustable Back Correction Strap Shoulder Brace Belt Straighten | Daraz.com.bd
#10 | SCORE 70 | EVIDENCE 9/9 | Bird Swing Toy for Budgies, Cockatiels, Parrots & Finches – Fun Bird Cage Accessory | Bangladesh | Daraz.com.bd
#11 | SCORE 64 | EVIDENCE 9/9 | Tresemme Shampoo Keratin Smooth 580ml | Daraz.com.bd
#12 | SCORE 45 | EVIDENCE 3/9 | Wireless Earbuds
#13 | SCORE 45 | EVIDENCE 3/9 | USB Fast Charger
#14 | SCORE 45 | EVIDENCE 3/9 | Fast Charger 25W
#15 | SCORE 44 | EVIDENCE 3/9 | Wireless Earbuds Pro
REPORT: /data/data/com.termux/files/home/smart-product-finder/worker_reports/v5_evidence_score_report.json
WORKER STATUS: PASS

=== STDERR ===
