=== STDOUT ===
=======================================================
SMART PRODUCT FINDER BD
FINAL PRODUCTION AUDIT WORKER
=======================================================
PASS: File exists: products.json
PASS: File exists: product_recommendations.json
PASS: File exists: daraz_public_products.json
PASS: File exists: web_app_v6.py
PASS: File exists: daraz_public_import.py
PASS: products.json valid
       type=list
PASS: product_recommendations.json valid
       type=list
PASS: daraz_public_products.json valid
       type=list
PASS: Recommendation coverage complete
       products=21, recommendations=21, missing=[], extra=[]
PASS: Recommendation ranks sequential
       expected=[1, 2, 3, 4, 5, 6, 7, 8, 9, 10, 11, 12, 13, 14, 15, 16, 17, 18, 19, 20, 21], actual=[1, 2, 3, 4, 5, 6, 7, 8, 9, 10, 11, 12, 13, 14, 15, 16, 17, 18, 19, 20, 21]
PASS: Recommendation scores present
       scores=21/21
PASS: Web app recommendation file connected
PASS: Web app recommendation score connected
PASS: Web app recommendation rank connected
PASS: Product lookup supports item_id fallback
PASS: Product card supports item_id fallback
PASS: No old TOP 3 smart_score selection
PASS: No old Best Value smart_score selection
PASS: Public Daraz products required fields
       products=3
PASS: No duplicate public Daraz item IDs
       duplicates=[]
PASS: Compile: web_app_v6.py
PASS: Compile: daraz_public_import.py
PASS: Compile: daraz_api.py
PASS: Compile: worker_orchestrator.py

BACKUP/TEST FILES: 7
 - app_v10_MASTER_TEST_PASS_BACKUP.py
 - daraz_api_MASTER_TEST_PASS_BACKUP.py
 - production_git_status_before_cleanup.txt
 - products_MASTER_TEST_PASS_BACKUP.json
 - products_WORKING_BACKUP.json
 - smart-product-finder_WORKING_BACKUP.tar.gz
 - web_app_v6_WORKING_BACKUP.py
=======================================================
FINAL PRODUCTION AUDIT COMPLETE
CHECKS: 24
PASS: 24
FAIL: 0
STATUS: PASS
REPORT: /data/data/com.termux/files/home/smart-product-finder/worker_reports/final_production_audit_report.json
MODE: READ-ONLY / NO FILE MODIFICATION
NO GIT PUSH
NO FILE DELETION
=======================================================

=== STDERR ===
